// Jest Snapshot v1, https://goo.gl/fbAQLP

exports[`<CounterInfo /> should render correctly 1`] = `
.gyFcmn {
  display: -webkit-box;
  display: -moz-box;
  display: -ms-flexbox;
  display: -webkit-flex;
  display: flex;
  justify-content: space-between;
  -webkit-box-pack: justify;
  -ms-flex-pack: justify;
  -webkit-justify-content: space-between;
}

<div
  className="gyFcmn"
/>
`;
