// Jest Snapshot v1, https://goo.gl/fbAQLP

exports[`<MainHeadline /> should render correctly 1`] = `
.jSBCfo {
  font-family: 'OpenSans Light', Arial, Helvetica, sans-serif;
  font-size: 5rem;
  letter-spacing: -0.2rem;
  color: #ff4326;
  border-top: 2px solid #908e89;
  padding-top: 1rem;
  margin-bottom: 2.4rem;
  line-height: 1.2;
}

<h1
  className="sc-bdVaJa jSBCfo"
/>
`;
