// Jest Snapshot v1, https://goo.gl/fbAQLP

exports[`<TextLink /> should render correctly 1`] = `
.fNwZcQ {
  color: #ff4326;
}

.fNwZcQ:hover {
  -webkit-text-decoration: underline;
  text-decoration: underline;
}

<a
  className="sc-bdVaJa fNwZcQ"
  href="https://google.com"
  target="_blank"
>
  Google.com
</a>
`;
