// Jest Snapshot v1, https://goo.gl/fbAQLP

exports[`<NavLink /> should render correctly 1`] = `
.gmsRav {
  font-family: 'OpenSans Light', Arial, Helvetica, sans-serif;
  color: #ff4326;
  font-size: 1.4rem;
  text-transform: uppercase;
  display: block;
  margin-right: 1.4rem;
}

.gmsRav:hover {
  text-decoration: underline;
}

<a
  className="gmsRav"
  href="/counter"
  onClick={[Function]}
/>
`;
