// Jest Snapshot v1, https://goo.gl/fbAQLP

exports[`<NavLink /> should render correctly 1`] = `
.c0 {
  font-family: 'OpenSans Light',Arial,Helvetica,sans-serif;
  color: #ff4326;
  font-size: 1.4rem;
  text-transform: uppercase;
  display: block;
  margin-right: 1.4rem;
}

.c0:hover {
  text-decoration: underline;
}

<a
  className="c0"
  href="/counter"
  onClick={[Function]}
/>
`;
